#-----------------------------------------------------------
# Vivado v2021.1 (64-bit)
# SW Build 3247384 on Thu Jun 10 19:36:33 MDT 2021
# IP Build 3246043 on Fri Jun 11 00:30:35 MDT 2021
# Start of session at: Wed Oct  6 12:04:04 2021
# Process ID: 5296
# Current directory: C:/Users/yorbe/OneDrive - Universiteit Antwerpen/School/1_Basis_digitale_elektronica/opgave_7
# Command line: vivado.exe -gui_launcher_event rodinguilauncherevent6748 C:\Users\yorbe\OneDrive - Universiteit Antwerpen\School\1_Basis_digitale_elektronica\opgave_7\opgave_7.xpr
# Log file: C:/Users/yorbe/OneDrive - Universiteit Antwerpen/School/1_Basis_digitale_elektronica/opgave_7/vivado.log
# Journal file: C:/Users/yorbe/OneDrive - Universiteit Antwerpen/School/1_Basis_digitale_elektronica/opgave_7\vivado.jou
#-----------------------------------------------------------
start_gui
open_project -read_only {C:/Users/yorbe/OneDrive - Universiteit Antwerpen/School/1_Basis_digitale_elektronica/opgave_7/opgave_7.xpr}
update_compile_order -fileset sources_1
